// Jest Snapshot v1, https://goo.gl/fbAQLP

exports[`MessageRow should render correctly 1`] = `
<MessageRow
  message={
    Object {
      "content": "See you later",
      "from": "Ted",
      "id": "q384tp1349fgh139p48g",
    }
  }
>
  <div
    style={
      Object {
        "alignSelf": "flex-start",
        "boxSizing": "border-box",
        "padding": "5px 0px 5px 0px",
      }
    }
  >
    <Message
      me={false}
      message={
        Object {
          "content": "See you later",
          "from": "Ted",
          "id": "q384tp1349fgh139p48g",
        }
      }
    >
      <div
        style={
          Object {
            "background": "#fff",
            "borderRadius": "10px",
            "boxSizing": "border-box",
            "display": "flex",
            "filter": "drop-shadow(2px 5px 2px #0003)",
            "flexDirection": "column",
            "minHeight": "20px",
            "padding": "5px 10px 5px 10px",
            "width": "500px",
          }
        }
      >
        <Text-body>
          <p
            style={
              Object {
                "color": "#000",
                "fontFamily": "-apple-system, BlinkMacSystemFont, \\"Segoe UI\\", \\"Roboto\\", \\"Oxygen\\", \\"Ubuntu\\", \\"Cantarell\\", \\"Fira Sans\\", \\"Droid Sans\\", \\"Helvetica Neue\\", sans-serif",
                "fontSize": "17px",
                "fontStyle": "normal",
                "fontWeight": "400",
              }
            }
          >
            Ted
          </p>
        </Text-body>
        <Spacer
          bottom={5}
        >
          <div
            style={
              Object {
                "padding": "0px 0px 5px 0px",
              }
            }
          />
        </Spacer>
        <Text-body>
          <p
            style={
              Object {
                "color": "#000",
                "fontFamily": "-apple-system, BlinkMacSystemFont, \\"Segoe UI\\", \\"Roboto\\", \\"Oxygen\\", \\"Ubuntu\\", \\"Cantarell\\", \\"Fira Sans\\", \\"Droid Sans\\", \\"Helvetica Neue\\", sans-serif",
                "fontSize": "17px",
                "fontStyle": "normal",
                "fontWeight": "400",
              }
            }
          >
            See you later
          </p>
        </Text-body>
      </div>
    </Message>
  </div>
</MessageRow>
`;
