// Jest Snapshot v1, https://goo.gl/fbAQLP

exports[`Message should render correctly 1`] = `
<div
  style={
    Object {
      "background": "#fff",
      "borderRadius": "10px",
      "boxSizing": "border-box",
      "display": "flex",
      "filter": "drop-shadow(2px 5px 2px #0003)",
      "flexDirection": "column",
      "minHeight": "20px",
      "padding": "5px 10px 5px 10px",
      "width": "500px",
    }
  }
>
  <Text-body>
    Ted
  </Text-body>
  <Spacer
    bottom={5}
  />
  <Text-body>
    See you later
  </Text-body>
</div>
`;
