// Jest Snapshot v1, https://goo.gl/fbAQLP

exports[`RoomBubble should render correctly 1`] = `
<div
  style={
    Object {
      "background": "#fff",
      "borderRadius": "50%",
      "height": "40px",
      "lineHeight": "40px",
      "textAlign": "center",
      "width": "40px",
    }
  }
>
  <Link
    style={
      Object {
        "textDecoration": "none",
      }
    }
    to="/mclarens"
  >
    <Text-title_2>
      M
    </Text-title_2>
  </Link>
</div>
`;
